// Vitest Snapshot v1, https://vitest.dev/guide/snapshot.html

exports[`AllocationDetails > renders allocation bars relative to total supply and shows the unallocated tooltip row 1`] = `"Allocation detailsVenus Core60%Unallocated35%Venus Flux5%Venus CoreAlloc.$6Liquidity$6.2KAPY5.7%Cap55%Eff. capThe effective cap of a yield group$16KVenus FluxAlloc.$0.5Liquidity$5.8KAPY6.8%Cap45%Eff. capThe effective cap of a yield group$14.5KSourceAlloc.sorted descendingLiquidityAPYCapEff. capThe effective cap of a yield groupVenus Core$6$6.2K5.7%55%$16KVenus Flux$0.5$5.8K6.8%45%$14.5KSort byAlloc.Venus CoreAlloc.$6Liquidity$6.2KAPY5.7%Cap55%Eff. capThe effective cap of a yield group$16KVenus FluxAlloc.$0.5Liquidity$5.8KAPY6.8%Cap45%Eff. capThe effective cap of a yield group$14.5K"`;

exports[`AllocationDetails > renders zero allocation percentages when total supply is zero 1`] = `"Allocation detailsVenus Core0%Venus Flux0%Venus CoreAlloc.$6Liquidity$6.2KAPY5.7%Cap55%Eff. capThe effective cap of a yield group$16KVenus FluxAlloc.$0.5Liquidity$5.8KAPY6.8%Cap45%Eff. capThe effective cap of a yield group$14.5KSourceAlloc.sorted descendingLiquidityAPYCapEff. capThe effective cap of a yield groupVenus Core$6$6.2K5.7%55%$16KVenus Flux$0.5$5.8K6.8%45%$14.5KSort byAlloc.Venus CoreAlloc.$6Liquidity$6.2KAPY5.7%Cap55%Eff. capThe effective cap of a yield group$16KVenus FluxAlloc.$0.5Liquidity$5.8KAPY6.8%Cap45%Eff. capThe effective cap of a yield group$14.5K"`;
