// Vitest Snapshot v1, https://vitest.dev/guide/snapshot.html

exports[`AdCarousel > displays correctly 1`] = `"Venus Flux is liveLet your liquidity Flux, watch your yield grow.Start nowUp to 20% APY for $UExclusively on Binance WalletStart nowBoost is available now!One-click leverage to boost your yield up to 5xLearn moreBelieve in something?Give your conviction a boost on probable.marketsStart nowIsolated pools are being sunsetClaim your rewards and close your positionsLearn more"`;
