// Vitest Snapshot v1, https://vitest.dev/guide/snapshot.html

exports[`useGetFormattedFixedRatedVaults > fetches and returns pendle and ceffu vaults correctly 1`] = `
[
  {
    "asset": {
      "badDebtMantissa": 0n,
      "borrowApyPercentage": "0",
      "borrowBalanceCents": "0",
      "borrowBalanceTokens": "0",
      "borrowCapTokens": "1.15792089237316195423570985008687907853269984665640564039457584007913129639935e+77",
      "borrowPointDistributions": [],
      "borrowTokenDistributions": [],
      "borrowerCount": 0,
      "cashTokens": "1000",
      "collateralFactor": 0.7,
      "disabledTokenActions": [],
      "exchangeRateVTokens": "1",
      "isBorrowable": false,
      "isBorrowableByUser": false,
      "isCollateralOfUser": false,
      "liquidationPenaltyPercentage": 5,
      "liquidationThresholdPercentage": 75,
      "liquidityCents": "742673002",
      "reserveFactor": 0.2,
      "reserveTokens": "0",
      "supplierCount": 50,
      "supplyApyPercentage": "3.39809766",
      "supplyBalanceCents": "742673002",
      "supplyBalanceTokens": "11364.5",
      "supplyCapTokens": "1.15792089237316195423570985008687907853269984665640564039457584007913129639935e+77",
      "supplyPointDistributions": [],
      "supplyTokenDistributions": [],
      "tokenPriceCents": "65348.52516038",
      "tokenPriceOracleAddress": "0x0000000000000000000000000000000000000000",
      "userBorrowBalanceCents": "0",
      "userBorrowBalanceTokens": "0",
      "userBorrowLimitSharePercentage": 0,
      "userCollateralFactor": 0.7,
      "userLiquidationThresholdPercentage": 75,
      "userSupplyBalanceCents": "326742",
      "userSupplyBalanceTokens": "5",
      "userWalletBalanceCents": "653485",
      "userWalletBalanceTokens": "10",
      "vToken": {
        "address": "0x6d3BD68E90B42615cb5abF4B8DE92b154ADc435e",
        "chainId": 56,
        "decimals": 8,
        "symbol": "vPT-clisBNB-25JUN2026",
        "underlyingToken": {
          "address": "0xe052823b4aefc6e230FAf46231A57d0905E30AE0",
          "chainId": 56,
          "decimals": 18,
          "iconSrc": "",
          "symbol": "PT-clisBNB-25JUN2026",
        },
      },
    },
    "category": "yieldTokens",
    "key": "56-pendle-0x6d3BD68E90B42615cb5abF4B8DE92b154ADc435e",
    "liquidityCents": "742673002",
    "manager": "pendle",
    "managerAddress": "0x3c1a3d6b69a866444fe506f7d38a00a1c2d859c5",
    "managerIcon": "pendle",
    "managerLink": "https://app.pendle.finance/trade/pools/0x3c1a3d6b69a866444fe506f7d38a00a1c2d859c5/zap/in?chain=bnbchain",
    "maturityDate": 2026-06-25T00:00:00.000Z,
    "poolComptrollerContractAddress": "0x94d1820b2d1c7c7452a163983dc888cec546b77d",
    "poolName": "Venus",
    "rewardToken": {
      "address": "0xe052823b4aefc6e230FAf46231A57d0905E30AE0",
      "chainId": 56,
      "decimals": 18,
      "iconSrc": "",
      "symbol": "PT-clisBNB-25JUN2026",
    },
    "rewardTokenPriceCents": "65348.52516038151",
    "stakeBalanceCents": 742673002,
    "stakeBalanceMantissa": "1.13645e+22",
    "stakedToken": {
      "address": "0xbBbBBBBbbBBBbbbBbbBbbbbBBbBbbbbBbBbbBBbB",
      "chainId": 56,
      "decimals": 18,
      "iconSrc": "",
      "isNative": true,
      "symbol": "BNB",
    },
    "stakedTokenPriceCents": "66036.349666",
    "stakingAprPercentage": 3.39809766,
    "status": "earning",
    "userStakeBalanceCents": 326742,
    "userStakeBalanceMantissa": "5000000000000000000",
    "vaultAddress": "0x6d3BD68E90B42615cb5abF4B8DE92b154ADc435e",
    "vaultDeploymentDate": 2025-10-09T09:04:39.000Z,
    "vaultType": "pendle",
  },
  {
    "category": "stablecoins",
    "fixedApyDecimal": "0.08",
    "key": "97-institutional-0x5263D68786AaCfad74B9aa385A004c272548e8B7",
    "lockEndDate": 2026-08-29T00:00:00.000Z,
    "lockingPeriodMs": 2592000000,
    "manager": "ceffu",
    "managerAddress": "0x1111111111111111111111111111111111111111",
    "managerIcon": "ceefu",
    "managerLink": "https://www.ceffu.com",
    "maturityDate": 2026-09-01T00:00:00.000Z,
    "openEndDate": 2026-04-08T00:00:00.000Z,
    "rewardToken": {
      "address": "0x312e39c7641cE64BEccDe53613f07952258fa810",
      "chainId": 97,
      "decimals": 6,
      "iconSrc": "",
      "symbol": "MOCK_USDC",
    },
    "rewardTokenPriceCents": "100",
    "settlementDate": 2026-09-01T00:00:00.000Z,
    "stakeBalanceCents": 50000000,
    "stakeBalanceMantissa": "500000000000",
    "stakeLimitMantissa": "1000000000000",
    "stakeMinMantissa": "100000000000",
    "stakedToken": {
      "address": "0x312e39c7641cE64BEccDe53613f07952258fa810",
      "chainId": 97,
      "decimals": 6,
      "iconSrc": "",
      "symbol": "MOCK_USDC",
    },
    "stakedTokenPriceCents": "100",
    "stakingAprPercentage": 8,
    "status": "pending",
    "userRedeemLimitMantissa": "25000000",
    "userStakeBalanceCents": 10000,
    "userStakeBalanceMantissa": "100000000",
    "userWithdrawLimitMantissa": "50000000",
    "vaultAddress": "0x5263D68786AaCfad74B9aa385A004c272548e8B7",
    "vaultDeploymentDate": 2026-04-01T00:00:00.000Z,
    "vaultType": "institutional",
  },
]
`;
