// Vitest Snapshot v1, https://vitest.dev/guide/snapshot.html

exports[`api/queries/getProposal > returns proposal 1`] = `
{
  "abstainVotes": [],
  "abstainedVotesMantissa": "0",
  "againstVotes": [],
  "againstVotesMantissa": "0",
  "cancelDate": undefined,
  "cancelTxHash": undefined,
  "createdDate": 2023-09-20T07:39:35.000Z,
  "createdTxHash": "0xb8a70919dbf83e5c63af8efbad418b2a81ca9f4937b12f806482581abaf03b65",
  "description": {
    "abstainDescription": "I am indifferent to whether Venus Protocol proceeds with the Comptroller upgradation or not",
    "againstDescription": "I do not think that Venus Protocol should proceed with the Comptroller contract upgradation",
    "description": "This vip implement diamond proxy for the comptroller to divide the comptroller logic into facets. The current implementation of the comptroller is exceeding the max limit of the contract size. To resolve this diamond proxy is implemented.",
    "forDescription": "I agree that Venus Protocol should proceed with the upgrading the Comptroller contract with diamond proxy",
    "title": "VIP Comptroller Diamond proxy",
    "version": "v1",
  },
  "endBlock": 33499859,
  "endDate": 2023-09-20T07:54:35.000Z,
  "executedDate": undefined,
  "executedTxHash": undefined,
  "forVotes": [
    {
      "address": "0x2ce1d0ffd7e869d9df33e28552b12ddded326706",
      "blockNumber": 33335869,
      "blockTimestamp": 1970-01-20T14:45:04.478Z,
      "proposalId": 98,
      "reason": "",
      "support": 1,
      "votesMantissa": "6.05461e+23",
    },
  ],
  "forVotesMantissa": "6.05461e+23",
  "proposalActions": [],
  "proposalId": 98,
  "proposalType": 0,
  "proposer": "0x2ce1d0ffd7e869d9df33e28552b12ddded326706",
  "queuedDate": undefined,
  "queuedTxHash": undefined,
  "startDate": 2023-09-20T07:47:05.000Z,
  "state": 3,
  "totalVotesMantissa": "6.05461e+23",
  "userHasVoted": false,
}
`;
