// Jest Snapshot v1, https://goo.gl/fbAQLP

exports[`api/queries/getProposals Gets called with correct default arguments 1`] = `
Object {
  "limit": 5,
  "offset": 0,
  "proposals": Array [
    Object {
      "abstainedVotesWei": "0",
      "actions": Array [
        Object {
          "callData": "0x000000000000000000000000276425aff4214570b622a3502a62ffc52848df19",
          "signature": "_setPriceOracle",
          "target": "0x94d1820b2D1c7c7452A163983Dc888CEC546b77D",
          "value": "0",
        },
      ],
      "againstVotesWei": "0",
      "cancelDate": undefined,
      "cancelTxHash": undefined,
      "createdDate": 2022-05-30T16:36:33.000Z,
      "createdTxHash": undefined,
      "description": Object {
        "description": "Fake description",
        "title": "Fake title",
        "version": "v1",
      },
      "endBlock": 19788034,
      "endDate": 2022-05-30T15:19:12.000Z,
      "endTxHash": undefined,
      "executedDate": undefined,
      "executedTxHash": undefined,
      "forVotesWei": "0",
      "id": 98,
      "proposer": "0x2ce1d0ffd7e869d9df33e28552b12ddded326706",
      "queuedDate": undefined,
      "queuedTxHash": undefined,
      "startDate": 1970-01-01T00:00:00.000Z,
      "startTxHash": undefined,
      "state": "Pending",
      "totalVotesWei": "0",
    },
    Object {
      "abstainedVotesWei": "0",
      "actions": Array [
        Object {
          "callData": "0x0000000000000000000000002ce1d0ffd7e869d9df33e28552b12ddded326706",
          "signature": "_setPendingAdmin(address)",
          "target": "0x2Ce1d0ffD7E869D9DF33e28552b12DdDed326706",
          "value": "0",
        },
      ],
      "againstVotesWei": "0",
      "cancelDate": undefined,
      "cancelTxHash": undefined,
      "createdDate": 2022-05-30T16:36:33.000Z,
      "createdTxHash": "0x1be5bbf92d0e4b786c2ce49b7492bebeb5618e026f0701a561afdbad5057a7ad",
      "description": Object {
        "description": "Fake v2 description",
        "title": "Fake v2 title",
        "version": "v2",
      },
      "endBlock": 19763097,
      "endDate": 2022-05-30T16:46:36.000Z,
      "endTxHash": undefined,
      "executedDate": undefined,
      "executedTxHash": undefined,
      "forVotesWei": "3.05004e+23",
      "id": 97,
      "proposer": "0x2ce1d0ffd7e869d9df33e28552b12ddded326706",
      "queuedDate": undefined,
      "queuedTxHash": undefined,
      "startDate": 2022-05-30T16:36:36.000Z,
      "startTxHash": undefined,
      "state": "Active",
      "totalVotesWei": "3.05004e+23",
    },
    Object {
      "abstainedVotesWei": "0",
      "actions": Array [
        Object {
          "callData": "0x0000000000000000000000002ce1d0ffd7e869d9df33e28552b12ddded326706",
          "signature": "_setPendingAdmin(address)",
          "target": "0x2Ce1d0ffD7E869D9DF33e28552b12DdDed326706",
          "value": "0",
        },
      ],
      "againstVotesWei": "0",
      "cancelDate": undefined,
      "cancelTxHash": undefined,
      "createdDate": 2022-05-30T15:09:09.000Z,
      "createdTxHash": "0x3fae3378858510ebed7966aaab7262bcf0e3c2066656d82f74ef032b2b997ca2",
      "description": Object {
        "description": "Fake v2 description",
        "title": "Fake v2 title",
        "version": "v2",
      },
      "endBlock": 19761349,
      "endDate": 2022-05-30T15:19:12.000Z,
      "endTxHash": undefined,
      "executedDate": undefined,
      "executedTxHash": undefined,
      "forVotesWei": "0",
      "id": 96,
      "proposer": "0x2ce1d0ffd7e869d9df33e28552b12ddded326706",
      "queuedDate": undefined,
      "queuedTxHash": undefined,
      "startDate": 2022-05-30T15:09:12.000Z,
      "startTxHash": undefined,
      "state": "Defeated",
      "totalVotesWei": "0",
    },
    Object {
      "abstainedVotesWei": "0",
      "actions": Array [
        Object {
          "callData": "0x0000000000000000000000002ce1d0ffd7e869d9df33e28552b12ddded326706",
          "signature": "_setPendingAdmin(address)",
          "target": "0x2Ce1d0ffD7E869D9DF33e28552b12DdDed326706",
          "value": "0",
        },
      ],
      "againstVotesWei": "0",
      "cancelDate": 2022-05-20T19:16:40.000Z,
      "cancelTxHash": "0xcdd887ccac98a4673cddac4a36391f554d79b7cdf3104f34651323f2ecef39e7",
      "createdDate": 2022-05-20T19:14:49.000Z,
      "createdTxHash": "0xadae322e69be165ecf09323fcf8efc4b2754c8e8a73f8bb8d8f42430d42c9cde",
      "description": Object {
        "description": "Fake v2 description",
        "title": "Fake v2 title",
        "version": "v2",
      },
      "endBlock": 19478538,
      "endDate": 2022-05-20T19:24:52.000Z,
      "endTxHash": undefined,
      "executedDate": undefined,
      "executedTxHash": undefined,
      "forVotesWei": "3.05004e+23",
      "id": 94,
      "proposer": "0x2ce1d0ffd7e869d9df33e28552b12ddded326706",
      "queuedDate": undefined,
      "queuedTxHash": undefined,
      "startDate": 2022-05-20T19:14:52.000Z,
      "startTxHash": undefined,
      "state": "Canceled",
      "totalVotesWei": "3.05004e+23",
    },
    Object {
      "abstainedVotesWei": "0",
      "actions": Array [
        Object {
          "callData": "0x0000000000000000000000002ce1d0ffd7e869d9df33e28552b12ddded326706",
          "signature": "_setPendingAdmin(address)",
          "target": "0x2Ce1d0ffD7E869D9DF33e28552b12DdDed326706",
          "value": "0",
        },
      ],
      "againstVotesWei": "0",
      "cancelDate": undefined,
      "cancelTxHash": undefined,
      "createdDate": 2022-05-20T19:17:16.000Z,
      "createdTxHash": "0x8e4c1fe62085e26611e4d93391039f087d8cf3d8b894d6fc7bfec63c53a8edad",
      "description": Object {
        "description": "Fake v2 description",
        "title": "Fake v2 title",
        "version": "v2",
      },
      "endBlock": 19478587,
      "endDate": 2022-05-20T19:27:19.000Z,
      "endTxHash": undefined,
      "executedDate": undefined,
      "executedTxHash": undefined,
      "forVotesWei": "3.05004e+23",
      "id": 95,
      "proposer": "0x2ce1d0ffd7e869d9df33e28552b12ddded326706",
      "queuedDate": undefined,
      "queuedTxHash": undefined,
      "startDate": 2022-05-20T19:17:19.000Z,
      "startTxHash": undefined,
      "state": "Succeeded",
      "totalVotesWei": "3.05004e+23",
    },
    Object {
      "abstainedVotesWei": "0",
      "actions": Array [
        Object {
          "callData": "0x000000000000000000000000276425aff4214570b622a3502a62ffc52848df19",
          "signature": "_setPriceOracle(address)",
          "target": "0x94d1820b2D1c7c7452A163983Dc888CEC546b77D",
          "value": "0",
        },
      ],
      "againstVotesWei": "0",
      "cancelDate": undefined,
      "cancelTxHash": undefined,
      "createdDate": 2022-05-31T13:23:24.000Z,
      "createdTxHash": "0xcea88b7817b3182cfa79e76e26d155b0ee8173e960fb0a30dd8e354a9989ef36",
      "description": Object {
        "description": undefined,
        "title": "set new price oracle",
        "version": "v1",
      },
      "endBlock": 19788034,
      "endDate": 2022-05-31T13:33:27.000Z,
      "endTxHash": undefined,
      "executedDate": undefined,
      "executedTxHash": undefined,
      "forVotesWei": "2.01e+21",
      "id": 98,
      "proposer": "0x2ce1d0ffd7e869d9df33e28552b12ddded326706",
      "queuedDate": 2022-05-31T13:38:00.000Z,
      "queuedTxHash": "0xba4a027f1f3c8969d1c49bd2b5c912f5bc79fcb4380053de65137c1bee9bf312",
      "startDate": 2022-05-31T13:23:27.000Z,
      "startTxHash": undefined,
      "state": "Queued",
      "totalVotesWei": "2.01e+21",
    },
    Object {
      "abstainedVotesWei": "0",
      "actions": Array [
        Object {
          "callData": "0x0000000000000000000000002ce1d0ffd7e869d9df33e28552b12ddded326706",
          "signature": "_setPendingAdmin(address)",
          "target": "0x2Ce1d0ffD7E869D9DF33e28552b12DdDed326706",
          "value": "0",
        },
      ],
      "againstVotesWei": "0",
      "cancelDate": undefined,
      "cancelTxHash": undefined,
      "createdDate": 2022-05-20T19:17:16.000Z,
      "createdTxHash": "0x8e4c1fe62085e26611e4d93391039f087d8cf3d8b894d6fc7bfec63c53a8edad",
      "description": Object {
        "description": "Fake v2 description",
        "title": "Fake v2 title",
        "version": "v2",
      },
      "endBlock": 19478587,
      "endDate": 2022-05-20T19:27:19.000Z,
      "endTxHash": undefined,
      "executedDate": undefined,
      "executedTxHash": undefined,
      "forVotesWei": "3.05004e+23",
      "id": 95,
      "proposer": "0x2ce1d0ffd7e869d9df33e28552b12ddded326706",
      "queuedDate": 2022-05-31T13:38:00.000Z,
      "queuedTxHash": "0xba4a027f1f3c8969d1c49bd2b5c912f5bc79fcb4380053de65137c1bee9bf312",
      "startDate": 2022-05-20T19:17:19.000Z,
      "startTxHash": undefined,
      "state": "Expired",
      "totalVotesWei": "3.05004e+23",
    },
    Object {
      "abstainedVotesWei": "0",
      "actions": Array [
        Object {
          "callData": "0x000000000000000000000000276425aff4214570b622a3502a62ffc52848df19",
          "signature": "_setPriceOracle(address)",
          "target": "0x94d1820b2D1c7c7452A163983Dc888CEC546b77D",
          "value": "0",
        },
      ],
      "againstVotesWei": "0",
      "cancelDate": undefined,
      "cancelTxHash": undefined,
      "createdDate": 2022-05-31T13:23:24.000Z,
      "createdTxHash": "0xcea88b7817b3182cfa79e76e26d155b0ee8173e960fb0a30dd8e354a9989ef36",
      "description": Object {
        "description": "Fake v2 description",
        "title": "Fake v2 title",
        "version": "v2",
      },
      "endBlock": 19788034,
      "endDate": 2022-05-31T13:33:27.000Z,
      "endTxHash": undefined,
      "executedDate": 2022-05-31T13:48:27.000Z,
      "executedTxHash": "0xe7b53b1ea44bf6ae4e8edcb191bc2fff72349a140d7c7092977b7fddb69ba9a7",
      "forVotesWei": "2.01e+21",
      "id": 98,
      "proposer": "0x2ce1d0ffd7e869d9df33e28552b12ddded326706",
      "queuedDate": 2022-05-31T13:38:00.000Z,
      "queuedTxHash": "0xba4a027f1f3c8969d1c49bd2b5c912f5bc79fcb4380053de65137c1bee9bf312",
      "startDate": 2022-05-31T13:23:27.000Z,
      "startTxHash": undefined,
      "state": "Executed",
      "totalVotesWei": "2.01e+21",
    },
  ],
  "total": 96,
}
`;

exports[`api/queries/getProposals returns formatted proposals 1`] = `
Object {
  "limit": 5,
  "offset": 0,
  "proposals": Array [
    Object {
      "abstainedVotesWei": "0",
      "actions": Array [
        Object {
          "callData": "0x000000000000000000000000276425aff4214570b622a3502a62ffc52848df19",
          "signature": "_setPriceOracle",
          "target": "0x94d1820b2D1c7c7452A163983Dc888CEC546b77D",
          "value": "0",
        },
      ],
      "againstVotesWei": "0",
      "cancelDate": undefined,
      "cancelTxHash": undefined,
      "createdDate": 2022-05-30T16:36:33.000Z,
      "createdTxHash": undefined,
      "description": Object {
        "description": "Fake description",
        "title": "Fake title",
        "version": "v1",
      },
      "endBlock": 19788034,
      "endDate": 2022-05-30T15:19:12.000Z,
      "endTxHash": undefined,
      "executedDate": undefined,
      "executedTxHash": undefined,
      "forVotesWei": "0",
      "id": 98,
      "proposer": "0x2ce1d0ffd7e869d9df33e28552b12ddded326706",
      "queuedDate": undefined,
      "queuedTxHash": undefined,
      "startDate": 1970-01-01T00:00:00.000Z,
      "startTxHash": undefined,
      "state": "Pending",
      "totalVotesWei": "0",
    },
    Object {
      "abstainedVotesWei": "0",
      "actions": Array [
        Object {
          "callData": "0x0000000000000000000000002ce1d0ffd7e869d9df33e28552b12ddded326706",
          "signature": "_setPendingAdmin(address)",
          "target": "0x2Ce1d0ffD7E869D9DF33e28552b12DdDed326706",
          "value": "0",
        },
      ],
      "againstVotesWei": "0",
      "cancelDate": undefined,
      "cancelTxHash": undefined,
      "createdDate": 2022-05-30T16:36:33.000Z,
      "createdTxHash": "0x1be5bbf92d0e4b786c2ce49b7492bebeb5618e026f0701a561afdbad5057a7ad",
      "description": Object {
        "description": "Fake v2 description",
        "title": "Fake v2 title",
        "version": "v2",
      },
      "endBlock": 19763097,
      "endDate": 2022-05-30T16:46:36.000Z,
      "endTxHash": undefined,
      "executedDate": undefined,
      "executedTxHash": undefined,
      "forVotesWei": "3.05004e+23",
      "id": 97,
      "proposer": "0x2ce1d0ffd7e869d9df33e28552b12ddded326706",
      "queuedDate": undefined,
      "queuedTxHash": undefined,
      "startDate": 2022-05-30T16:36:36.000Z,
      "startTxHash": undefined,
      "state": "Active",
      "totalVotesWei": "3.05004e+23",
    },
    Object {
      "abstainedVotesWei": "0",
      "actions": Array [
        Object {
          "callData": "0x0000000000000000000000002ce1d0ffd7e869d9df33e28552b12ddded326706",
          "signature": "_setPendingAdmin(address)",
          "target": "0x2Ce1d0ffD7E869D9DF33e28552b12DdDed326706",
          "value": "0",
        },
      ],
      "againstVotesWei": "0",
      "cancelDate": undefined,
      "cancelTxHash": undefined,
      "createdDate": 2022-05-30T15:09:09.000Z,
      "createdTxHash": "0x3fae3378858510ebed7966aaab7262bcf0e3c2066656d82f74ef032b2b997ca2",
      "description": Object {
        "description": "Fake v2 description",
        "title": "Fake v2 title",
        "version": "v2",
      },
      "endBlock": 19761349,
      "endDate": 2022-05-30T15:19:12.000Z,
      "endTxHash": undefined,
      "executedDate": undefined,
      "executedTxHash": undefined,
      "forVotesWei": "0",
      "id": 96,
      "proposer": "0x2ce1d0ffd7e869d9df33e28552b12ddded326706",
      "queuedDate": undefined,
      "queuedTxHash": undefined,
      "startDate": 2022-05-30T15:09:12.000Z,
      "startTxHash": undefined,
      "state": "Defeated",
      "totalVotesWei": "0",
    },
    Object {
      "abstainedVotesWei": "0",
      "actions": Array [
        Object {
          "callData": "0x0000000000000000000000002ce1d0ffd7e869d9df33e28552b12ddded326706",
          "signature": "_setPendingAdmin(address)",
          "target": "0x2Ce1d0ffD7E869D9DF33e28552b12DdDed326706",
          "value": "0",
        },
      ],
      "againstVotesWei": "0",
      "cancelDate": 2022-05-20T19:16:40.000Z,
      "cancelTxHash": "0xcdd887ccac98a4673cddac4a36391f554d79b7cdf3104f34651323f2ecef39e7",
      "createdDate": 2022-05-20T19:14:49.000Z,
      "createdTxHash": "0xadae322e69be165ecf09323fcf8efc4b2754c8e8a73f8bb8d8f42430d42c9cde",
      "description": Object {
        "description": "Fake v2 description",
        "title": "Fake v2 title",
        "version": "v2",
      },
      "endBlock": 19478538,
      "endDate": 2022-05-20T19:24:52.000Z,
      "endTxHash": undefined,
      "executedDate": undefined,
      "executedTxHash": undefined,
      "forVotesWei": "3.05004e+23",
      "id": 94,
      "proposer": "0x2ce1d0ffd7e869d9df33e28552b12ddded326706",
      "queuedDate": undefined,
      "queuedTxHash": undefined,
      "startDate": 2022-05-20T19:14:52.000Z,
      "startTxHash": undefined,
      "state": "Canceled",
      "totalVotesWei": "3.05004e+23",
    },
    Object {
      "abstainedVotesWei": "0",
      "actions": Array [
        Object {
          "callData": "0x0000000000000000000000002ce1d0ffd7e869d9df33e28552b12ddded326706",
          "signature": "_setPendingAdmin(address)",
          "target": "0x2Ce1d0ffD7E869D9DF33e28552b12DdDed326706",
          "value": "0",
        },
      ],
      "againstVotesWei": "0",
      "cancelDate": undefined,
      "cancelTxHash": undefined,
      "createdDate": 2022-05-20T19:17:16.000Z,
      "createdTxHash": "0x8e4c1fe62085e26611e4d93391039f087d8cf3d8b894d6fc7bfec63c53a8edad",
      "description": Object {
        "description": "Fake v2 description",
        "title": "Fake v2 title",
        "version": "v2",
      },
      "endBlock": 19478587,
      "endDate": 2022-05-20T19:27:19.000Z,
      "endTxHash": undefined,
      "executedDate": undefined,
      "executedTxHash": undefined,
      "forVotesWei": "3.05004e+23",
      "id": 95,
      "proposer": "0x2ce1d0ffd7e869d9df33e28552b12ddded326706",
      "queuedDate": undefined,
      "queuedTxHash": undefined,
      "startDate": 2022-05-20T19:17:19.000Z,
      "startTxHash": undefined,
      "state": "Succeeded",
      "totalVotesWei": "3.05004e+23",
    },
    Object {
      "abstainedVotesWei": "0",
      "actions": Array [
        Object {
          "callData": "0x000000000000000000000000276425aff4214570b622a3502a62ffc52848df19",
          "signature": "_setPriceOracle(address)",
          "target": "0x94d1820b2D1c7c7452A163983Dc888CEC546b77D",
          "value": "0",
        },
      ],
      "againstVotesWei": "0",
      "cancelDate": undefined,
      "cancelTxHash": undefined,
      "createdDate": 2022-05-31T13:23:24.000Z,
      "createdTxHash": "0xcea88b7817b3182cfa79e76e26d155b0ee8173e960fb0a30dd8e354a9989ef36",
      "description": Object {
        "description": undefined,
        "title": "set new price oracle",
        "version": "v1",
      },
      "endBlock": 19788034,
      "endDate": 2022-05-31T13:33:27.000Z,
      "endTxHash": undefined,
      "executedDate": undefined,
      "executedTxHash": undefined,
      "forVotesWei": "2.01e+21",
      "id": 98,
      "proposer": "0x2ce1d0ffd7e869d9df33e28552b12ddded326706",
      "queuedDate": 2022-05-31T13:38:00.000Z,
      "queuedTxHash": "0xba4a027f1f3c8969d1c49bd2b5c912f5bc79fcb4380053de65137c1bee9bf312",
      "startDate": 2022-05-31T13:23:27.000Z,
      "startTxHash": undefined,
      "state": "Queued",
      "totalVotesWei": "2.01e+21",
    },
    Object {
      "abstainedVotesWei": "0",
      "actions": Array [
        Object {
          "callData": "0x0000000000000000000000002ce1d0ffd7e869d9df33e28552b12ddded326706",
          "signature": "_setPendingAdmin(address)",
          "target": "0x2Ce1d0ffD7E869D9DF33e28552b12DdDed326706",
          "value": "0",
        },
      ],
      "againstVotesWei": "0",
      "cancelDate": undefined,
      "cancelTxHash": undefined,
      "createdDate": 2022-05-20T19:17:16.000Z,
      "createdTxHash": "0x8e4c1fe62085e26611e4d93391039f087d8cf3d8b894d6fc7bfec63c53a8edad",
      "description": Object {
        "description": "Fake v2 description",
        "title": "Fake v2 title",
        "version": "v2",
      },
      "endBlock": 19478587,
      "endDate": 2022-05-20T19:27:19.000Z,
      "endTxHash": undefined,
      "executedDate": undefined,
      "executedTxHash": undefined,
      "forVotesWei": "3.05004e+23",
      "id": 95,
      "proposer": "0x2ce1d0ffd7e869d9df33e28552b12ddded326706",
      "queuedDate": 2022-05-31T13:38:00.000Z,
      "queuedTxHash": "0xba4a027f1f3c8969d1c49bd2b5c912f5bc79fcb4380053de65137c1bee9bf312",
      "startDate": 2022-05-20T19:17:19.000Z,
      "startTxHash": undefined,
      "state": "Expired",
      "totalVotesWei": "3.05004e+23",
    },
    Object {
      "abstainedVotesWei": "0",
      "actions": Array [
        Object {
          "callData": "0x000000000000000000000000276425aff4214570b622a3502a62ffc52848df19",
          "signature": "_setPriceOracle(address)",
          "target": "0x94d1820b2D1c7c7452A163983Dc888CEC546b77D",
          "value": "0",
        },
      ],
      "againstVotesWei": "0",
      "cancelDate": undefined,
      "cancelTxHash": undefined,
      "createdDate": 2022-05-31T13:23:24.000Z,
      "createdTxHash": "0xcea88b7817b3182cfa79e76e26d155b0ee8173e960fb0a30dd8e354a9989ef36",
      "description": Object {
        "description": "Fake v2 description",
        "title": "Fake v2 title",
        "version": "v2",
      },
      "endBlock": 19788034,
      "endDate": 2022-05-31T13:33:27.000Z,
      "endTxHash": undefined,
      "executedDate": 2022-05-31T13:48:27.000Z,
      "executedTxHash": "0xe7b53b1ea44bf6ae4e8edcb191bc2fff72349a140d7c7092977b7fddb69ba9a7",
      "forVotesWei": "2.01e+21",
      "id": 98,
      "proposer": "0x2ce1d0ffd7e869d9df33e28552b12ddded326706",
      "queuedDate": 2022-05-31T13:38:00.000Z,
      "queuedTxHash": "0xba4a027f1f3c8969d1c49bd2b5c912f5bc79fcb4380053de65137c1bee9bf312",
      "startDate": 2022-05-31T13:23:27.000Z,
      "startTxHash": undefined,
      "state": "Executed",
      "totalVotesWei": "2.01e+21",
    },
  ],
  "total": 96,
}
`;
