// Vitest Snapshot v1, https://vitest.dev/guide/snapshot.html

exports[`useGetPendleVaults > fetches and returns pendle vaults correctly 1`] = `
[
  {
    "category": "yieldTokens",
    "key": "56-pendle-0x6d3BD68E90B42615cb5abF4B8DE92b154ADc435e",
    "liquidityCents": "742673002",
    "manager": "pendle",
    "managerAddress": "0x3c1a3d6b69a866444fe506f7d38a00a1c2d859c5",
    "managerIcon": "pendle",
    "managerLink": "https://app.pendle.finance/trade/pools/0x3c1a3d6b69a866444fe506f7d38a00a1c2d859c5/zap/in?chain=bnbchain",
    "maturityDate": 1782345600000,
    "poolComptrollerAddress": "0x94d1820b2d1c7c7452a163983dc888cec546b77d",
    "rewardToken": {
      "address": "0xbBbBBBBbbBBBbbbBbbBbbbbBBbBbbbbBbBbbBBbB",
      "chainId": 56,
      "decimals": 18,
      "iconSrc": "",
      "isNative": true,
      "symbol": "BNB",
    },
    "rewardTokenPriceUsd": "660.36349666",
    "stakedToken": {
      "address": "0xe052823b4aefc6e230FAf46231A57d0905E30AE0",
      "chainId": 56,
      "decimals": 18,
      "iconSrc": "",
      "symbol": "PT-clisBNB-25JUN2026",
    },
    "stakedTokenPriceUsd": "653.4852516038151",
    "stakingAprPercentage": 3.39809766,
    "status": "earning",
    "totalStakedMantissa": "1.13645e+22",
    "underlyingAssetAddress": "0xe052823b4aefc6e230FAf46231A57d0905E30AE0",
    "userStakedMantissa": "5000000000000000000",
    "vToken": {
      "address": "0x6d3BD68E90B42615cb5abF4B8DE92b154ADc435e",
      "chainId": 56,
      "decimals": 8,
      "symbol": "vPT-clisBNB-25JUN2026",
      "underlyingToken": {
        "address": "0xe052823b4aefc6e230FAf46231A57d0905E30AE0",
        "chainId": 56,
        "decimals": 18,
        "iconSrc": "",
        "symbol": "PT-clisBNB-25JUN2026",
      },
    },
    "vaultDeploymentTime": 1760000679000,
  },
]
`;
