// Jest Snapshot v1, https://goo.gl/fbAQLP

exports[`pages/Vault/modals/WithdrawFromVestingVaultModal/WithdrawalRequestList fetches withdrawal requests and displays them correctly 1`] = `"1 XVSLocked until 29/43/22 11:43 AM"`;

exports[`pages/Vault/modals/WithdrawFromVestingVaultModal/WithdrawalRequestList fetches withdrawal requests and displays them correctly 2`] = `"2 XVSLocked until 30/30/22 15:30 PM"`;

exports[`pages/Vault/modals/WithdrawFromVestingVaultModal/WithdrawalRequestList fetches withdrawal requests and displays them correctly 3`] = `"3 XVSLocked until 01/16/22 19:16 PM"`;
