// Vitest Snapshot v1, https://vitest.dev/guide/snapshot.html

exports[`VaultsUi > renders vaults correctly 1`] = `"VaultYield made simple, returns made realAll categoriesAll managersAll statesVAIStablecoinsActiveAPR> 10,000%Daily emission144 XVS$144Total deposited415 VAI$415ManagerVENUSXVSGovernanceActiveAPR12.92%Daily emission144 XVS$144Total deposited400M XVS$400MPrime eligibility0 XVS / 0 XVS0%ManagerVENUS"`;
