// Vitest Snapshot v1, https://vitest.dev/guide/snapshot.html

exports[`VaultsUi > renders vaults correctly 1`] = `"VaultsYield made simple, returns made real — deposit across multiple vaults and watch your crypto grow on your terms.TVL-Highest APR-Vaults2Enjoy 12.92% APR with XVS XVS total deposited400M XVS (-)VaultsAll categoriesAll managersAll statesVAIYou are staking0VAI Stake APR> 10,000%Daily emission144Total staked415VAI Stake APR> 10,000%Daily emission144Total staked415StakeWithdrawXVSYou are staking233XVS Stake APR12.92%Daily emission144Total staked400MXVS Stake APR12.92%Daily emission144Total staked400MStakeWithdraw"`;
