// Vitest Snapshot v1, https://vitest.dev/guide/snapshot.html

exports[`api/queries/useGetTreasuryTotals > calculates totals correctly 1`] = `
{
  "treasuryBalanceCents": "31.024769628212783",
  "treasuryBorrowBalanceCents": "858808797230375",
  "treasuryLiquidityBalanceCents": "18928013655",
  "treasurySupplyBalanceCents": "2099280079056468",
}
`;
