// Jest Snapshot v1, https://goo.gl/fbAQLP

exports[`pages/Dashboard displays borrow table when clicking on borrow tab and displays it correctly 1`] = `"Borrow marketAssetAPYsorted descendingWalletLiquidityXVS1.87%90.00 XVS$80.36MXVS1.87%90.00 XVS$80.36MXVS1.87%90.00 XVS$80.36MBUSD-3.2%0 BUSD$36.54MBUSD-3.2%0 BUSD$36.54MBUSD-3.2%0 BUSD$36.54MUSDC-3.69%100.00 USDC$17.03MUSDC-3.69%100.00 USDC$17.03MUSDC-3.69%100.00 USDC$17.03MUSDT-4.45%0 USDT$55.34MUSDT-4.45%0 USDT$55.34MUSDT-4.45%0 USDT$55.34MSort byAPY​XVSAPY1.87%Wallet90.00 XVSLiquidity$80.36MUSDCAPY-3.69%Wallet100.00 USDCLiquidity$17.03MUSDTAPY-4.45%Wallet0 USDTLiquidity$55.34MBUSDAPY-3.2%Wallet0 BUSDLiquidity$36.54MXVSAPY1.87%Wallet90.00 XVSLiquidity$80.36MUSDCAPY-3.69%Wallet100.00 USDCLiquidity$17.03MUSDTAPY-4.45%Wallet0 USDTLiquidity$55.34MBUSDAPY-3.2%Wallet0 BUSDLiquidity$36.54MXVSAPY1.87%Wallet90.00 XVSLiquidity$80.36MUSDCAPY-3.69%Wallet100.00 USDCLiquidity$17.03MUSDTAPY-4.45%Wallet0 USDTLiquidity$55.34MBUSDAPY-3.2%Wallet0 BUSDLiquidity$36.54M"`;

exports[`pages/Dashboard displays supply table correctly 1`] = `"Supply marketAssetAPY / LTVsorted descendingWalletCollateralUSDC5.24%80%100.00 USDCUSDC5.24%80%100.00 USDCUSDC5.24%80%100.00 USDCUSDT4.02%80%0 USDTUSDT4.02%80%0 USDTUSDT4.02%80%0 USDTBUSD3.56%80%0 BUSDBUSD3.56%80%0 BUSDBUSD3.56%80%0 BUSDXVS0.17%50%90.00 XVSXVS0.17%50%90.00 XVSXVS0.17%50%90.00 XVSSort byAPY / LTV​XVSAPY / LTV0.17%50%Wallet90.00 XVSCollateralUSDCAPY / LTV5.24%80%Wallet100.00 USDCCollateralUSDTAPY / LTV4.02%80%Wallet0 USDTCollateralBUSDAPY / LTV3.56%80%Wallet0 BUSDCollateralXVSAPY / LTV0.17%50%Wallet90.00 XVSCollateralUSDCAPY / LTV5.24%80%Wallet100.00 USDCCollateralUSDTAPY / LTV4.02%80%Wallet0 USDTCollateralBUSDAPY / LTV3.56%80%Wallet0 BUSDCollateralXVSAPY / LTV0.17%50%Wallet90.00 XVSCollateralUSDCAPY / LTV5.24%80%Wallet100.00 USDCCollateralUSDTAPY / LTV4.02%80%Wallet0 USDTCollateralBUSDAPY / LTV3.56%80%Wallet0 BUSDCollateral"`;

exports[`pages/Dashboard filters out assets when entering value in search input 1`] = `"Supply marketAssetAPY / LTVsorted descendingWalletCollateralUSDC5.24%80%100.00 USDCUSDC5.24%80%100.00 USDCUSDT4.02%80%0 USDTUSDT4.02%80%0 USDTUSDT4.02%80%0 USDTBUSD3.56%80%0 BUSDBUSD3.56%80%0 BUSDXVS0.17%50%90.00 XVSXVS0.17%50%90.00 XVSUSDT4.02%80%0 USDTUSDT4.02%80%0 USDTSort byAPY / LTV​XVSAPY / LTV0.17%50%Wallet90.00 XVSCollateralUSDCAPY / LTV5.24%80%Wallet100.00 USDCCollateralUSDTAPY / LTV4.02%80%Wallet0 USDTCollateralBUSDAPY / LTV3.56%80%Wallet0 BUSDCollateralXVSAPY / LTV0.17%50%Wallet90.00 XVSCollateralUSDCAPY / LTV5.24%80%Wallet100.00 USDCCollateralUSDTAPY / LTV4.02%80%Wallet0 USDTCollateralBUSDAPY / LTV3.56%80%Wallet0 BUSDCollateralUSDTAPY / LTV4.02%80%Wallet0 USDTCollateralUSDTAPY / LTV4.02%80%Wallet0 USDTCollateralUSDTAPY / LTV4.02%80%Wallet0 USDTCollateral"`;

exports[`pages/Dashboard hides higher risk tokens when turning switch off 1`] = `"Supply marketAssetAPY / LTVsorted descendingWalletCollateralUSDC5.24%80%100.00 USDCUSDC5.24%80%100.00 USDCUSDC5.24%80%100.00 USDCUSDT4.02%80%0 USDTUSDT4.02%80%0 USDTUSDT4.02%80%0 USDTBUSD3.56%80%0 BUSDBUSD3.56%80%0 BUSDBUSD3.56%80%0 BUSDXVS0.17%50%90.00 XVSXVS0.17%50%90.00 XVSXVS0.17%50%90.00 XVSSort byAPY / LTV​XVSAPY / LTV0.17%50%Wallet90.00 XVSCollateralUSDCAPY / LTV5.24%80%Wallet100.00 USDCCollateralUSDTAPY / LTV4.02%80%Wallet0 USDTCollateralBUSDAPY / LTV3.56%80%Wallet0 BUSDCollateralXVSAPY / LTV0.17%50%Wallet90.00 XVSCollateralUSDCAPY / LTV5.24%80%Wallet100.00 USDCCollateralUSDTAPY / LTV4.02%80%Wallet0 USDTCollateralBUSDAPY / LTV3.56%80%Wallet0 BUSDCollateralXVSAPY / LTV0.17%50%Wallet90.00 XVSCollateralUSDCAPY / LTV5.24%80%Wallet100.00 USDCCollateralUSDTAPY / LTV4.02%80%Wallet0 USDTCollateralBUSDAPY / LTV3.56%80%Wallet0 BUSDCollateral"`;
