// Vitest Snapshot v1, https://vitest.dev/guide/snapshot.html

exports[`useGetVaults > fetches and returns vaults correctly 1`] = `
[
  {
    "dailyEmissionMantissa": "28800000000",
    "dailyEmissionUsdCents": "0.00000288",
    "isPaused": false,
    "lockingPeriodMs": 200000,
    "poolIndex": 0,
    "rewardToken": {
      "address": "0xB9e0E753630434d7863528cc73CB7AC638a7c8ff",
      "chainId": 97,
      "decimals": 18,
      "iconSrc": "fake-xvs-asset",
      "symbol": "XVS",
    },
    "rewardTokenPriceUsd": "1",
    "stakedToken": {
      "address": "0xB9e0E753630434d7863528cc73CB7AC638a7c8ff",
      "chainId": 97,
      "decimals": 18,
      "iconSrc": "fake-xvs-asset",
      "symbol": "XVS",
    },
    "stakedTokenPriceUsd": "1",
    "stakingAprPercentage": 350400,
    "totalStakedMantissa": "3000000000",
    "totalStakedUsdCents": "3e-7",
    "userHasPendingWithdrawalsFromBeforeUpgrade": true,
    "userStakedMantissa": "29000000000000000000",
    "userStakedUsdCents": "2900",
  },
  {
    "dailyEmissionMantissa": "28800000000",
    "dailyEmissionUsdCents": "0.00000288",
    "isPaused": false,
    "lockingPeriodMs": 200000,
    "poolIndex": 1,
    "rewardToken": {
      "address": "0xB9e0E753630434d7863528cc73CB7AC638a7c8ff",
      "chainId": 97,
      "decimals": 18,
      "iconSrc": "fake-xvs-asset",
      "symbol": "XVS",
    },
    "rewardTokenPriceUsd": "1",
    "stakedToken": {
      "address": "0xB9e0E753630434d7863528cc73CB7AC638a7c8ff",
      "chainId": 97,
      "decimals": 18,
      "iconSrc": "fake-xvs-asset",
      "symbol": "XVS",
    },
    "stakedTokenPriceUsd": "1",
    "stakingAprPercentage": 350400,
    "totalStakedMantissa": "3000000000",
    "totalStakedUsdCents": "3e-7",
    "userHasPendingWithdrawalsFromBeforeUpgrade": true,
    "userStakedMantissa": "29000000000000000000",
    "userStakedUsdCents": "2900",
  },
  {
    "dailyEmissionMantissa": "28800000000",
    "dailyEmissionUsdCents": "0.00000288",
    "isPaused": false,
    "lockingPeriodMs": 200000,
    "poolIndex": 2,
    "rewardToken": {
      "address": "0xB9e0E753630434d7863528cc73CB7AC638a7c8ff",
      "chainId": 97,
      "decimals": 18,
      "iconSrc": "fake-xvs-asset",
      "symbol": "XVS",
    },
    "rewardTokenPriceUsd": "1",
    "stakedToken": {
      "address": "0xB9e0E753630434d7863528cc73CB7AC638a7c8ff",
      "chainId": 97,
      "decimals": 18,
      "iconSrc": "fake-xvs-asset",
      "symbol": "XVS",
    },
    "stakedTokenPriceUsd": "1",
    "stakingAprPercentage": 350400,
    "totalStakedMantissa": "3000000000",
    "totalStakedUsdCents": "3e-7",
    "userHasPendingWithdrawalsFromBeforeUpgrade": true,
    "userStakedMantissa": "29000000000000000000",
    "userStakedUsdCents": "2900",
  },
  {
    "dailyEmissionMantissa": "28800000000",
    "dailyEmissionUsdCents": "0.00000288",
    "isPaused": false,
    "lockingPeriodMs": 200000,
    "poolIndex": 3,
    "rewardToken": {
      "address": "0xB9e0E753630434d7863528cc73CB7AC638a7c8ff",
      "chainId": 97,
      "decimals": 18,
      "iconSrc": "fake-xvs-asset",
      "symbol": "XVS",
    },
    "rewardTokenPriceUsd": "1",
    "stakedToken": {
      "address": "0xB9e0E753630434d7863528cc73CB7AC638a7c8ff",
      "chainId": 97,
      "decimals": 18,
      "iconSrc": "fake-xvs-asset",
      "symbol": "XVS",
    },
    "stakedTokenPriceUsd": "1",
    "stakingAprPercentage": 350400,
    "totalStakedMantissa": "3000000000",
    "totalStakedUsdCents": "3e-7",
    "userHasPendingWithdrawalsFromBeforeUpgrade": true,
    "userStakedMantissa": "29000000000000000000",
    "userStakedUsdCents": "2900",
  },
  {
    "dailyEmissionMantissa": "28800000000",
    "dailyEmissionUsdCents": "0.00000288",
    "isPaused": false,
    "lockingPeriodMs": 200000,
    "poolIndex": 4,
    "rewardToken": {
      "address": "0xB9e0E753630434d7863528cc73CB7AC638a7c8ff",
      "chainId": 97,
      "decimals": 18,
      "iconSrc": "fake-xvs-asset",
      "symbol": "XVS",
    },
    "rewardTokenPriceUsd": "1",
    "stakedToken": {
      "address": "0xB9e0E753630434d7863528cc73CB7AC638a7c8ff",
      "chainId": 97,
      "decimals": 18,
      "iconSrc": "fake-xvs-asset",
      "symbol": "XVS",
    },
    "stakedTokenPriceUsd": "1",
    "stakingAprPercentage": 350400,
    "totalStakedMantissa": "3000000000",
    "totalStakedUsdCents": "3e-7",
    "userHasPendingWithdrawalsFromBeforeUpgrade": true,
    "userStakedMantissa": "29000000000000000000",
    "userStakedUsdCents": "2900",
  },
  {
    "dailyEmissionMantissa": "5000000000",
    "dailyEmissionUsdCents": "5e-7",
    "isPaused": false,
    "rewardToken": {
      "address": "0xB9e0E753630434d7863528cc73CB7AC638a7c8ff",
      "chainId": 97,
      "decimals": 18,
      "iconSrc": "fake-xvs-asset",
      "symbol": "XVS",
    },
    "rewardTokenPriceUsd": "1",
    "stakedToken": {
      "address": "0x5fFbE5302BadED40941A403228E6AD03f93752d9",
      "chainId": 97,
      "decimals": 18,
      "iconSrc": "fake-vai-asset",
      "symbol": "VAI",
    },
    "stakedTokenPriceUsd": "1",
    "stakingAprPercentage": 45625,
    "totalStakedMantissa": "4000000000",
    "totalStakedUsdCents": "4e-7",
    "userStakedMantissa": "1e+23",
    "userStakedUsdCents": "10000000",
  },
]
`;
