// Vitest Snapshot v1, https://vitest.dev/guide/snapshot.html

exports[`MarketTable > filters by search input 1`] = `"Paused assetsAssetAPY APY CollateralWalletBUSD3.56%5.31%-5.81%110 BUSD$110Sort bySupply APY / LTVBUSDAPY 3.56%5.31%APY -5.81%CollateralWallet110 BUSD$110"`;

exports[`MarketTable > renders with pool data 1`] = `"Paused assetsAssetAPY APY CollateralWalletXVS0.16%-6.48%100 XVS$127.86USDT4.01%5.76%-5.49%-6.51%900 USDT$900BUSD3.56%5.31%-5.81%110 BUSD$110Sort bySupply APY / LTVXVSAPY 0.16%APY -6.48%CollateralWallet100 XVS$127.86USDTAPY 4.01%5.76%APY -5.49%-6.51%CollateralWallet900 USDT$900BUSDAPY 3.56%5.31%APY -5.81%CollateralWallet110 BUSD$110"`;

exports[`MarketTable > shows paused assets if controls are enabled and corresponding toggle is enabled 1`] = `"Paused assetsAssetAPY APY CollateralWalletXVS0.16%-6.48%100 XVS$127.86USDC5.99%-7.94%-9.17%0 USDC$0USDT4.01%5.76%-5.49%-6.51%900 USDT$900BUSD3.56%5.31%-5.81%110 BUSD$110Sort bySupply APY / LTVXVSAPY 0.16%APY -6.48%CollateralWallet100 XVS$127.86USDCAPY 5.99%APY -7.94%-9.17%CollateralWallet0 USDC$0USDTAPY 4.01%5.76%APY -5.49%-6.51%CollateralWallet900 USDT$900BUSDAPY 3.56%5.31%APY -5.81%CollateralWallet110 BUSD$110"`;

exports[`MarketTable > shows user assets only if controls are enabled and corresponding toggle is enabled 1`] = `"My assets onlyPaused assetsAssetAPY APY CollateralWalletUSDT4.01%5.76%-5.49%-6.51%900 USDT$900BUSD3.56%5.31%-5.81%110 BUSD$110Sort bySupply APY / LTVUSDTAPY 4.01%5.76%APY -5.49%-6.51%CollateralWallet900 USDT$900BUSDAPY 3.56%5.31%APY -5.81%CollateralWallet110 BUSD$110"`;
