// Vitest Snapshot v1, https://vitest.dev/guide/snapshot.html

exports[`utilities/getCombinedDistributionApys > calculates combined distribution APYS correctly 1`] = `
{
  "borrowApyPrimePercentage": undefined,
  "borrowApyPrimeSimulationPercentage": undefined,
  "borrowApyRewardsPercentage": "4.17469243006608279",
  "supplyApyPrimePercentage": undefined,
  "supplyApyPrimeSimulationPercentage": undefined,
  "supplyApyRewardsPercentage": "0.11720675342484096",
  "totalBorrowApyPercentage": "4.17469243006608279",
  "totalSupplyApyPercentage": "0.11720675342484096",
}
`;

exports[`utilities/getCombinedDistributionApys > calculates combined distribution APYS correctly 2`] = `
{
  "borrowApyPrimePercentage": "0.913105649796123742",
  "borrowApyPrimeSimulationPercentage": undefined,
  "borrowApyRewardsPercentage": "1.670327607690572731",
  "supplyApyPrimePercentage": "0.753105649796123742",
  "supplyApyPrimeSimulationPercentage": undefined,
  "supplyApyRewardsPercentage": "1.353105649796123742",
  "totalBorrowApyPercentage": "2.583433257486696473",
  "totalSupplyApyPercentage": "2.106211299592247484",
}
`;

exports[`utilities/getCombinedDistributionApys > calculates combined distribution APYS correctly 3`] = `
{
  "borrowApyPrimePercentage": undefined,
  "borrowApyPrimeSimulationPercentage": "1.015310564979612374",
  "borrowApyRewardsPercentage": "0.522209972682294832",
  "supplyApyPrimePercentage": undefined,
  "supplyApyPrimeSimulationPercentage": "1.753105649796123742",
  "supplyApyRewardsPercentage": "0.421719501189155143",
  "totalBorrowApyPercentage": "0.522209972682294832",
  "totalSupplyApyPercentage": "0.421719501189155143",
}
`;

exports[`utilities/getCombinedDistributionApys > calculates combined distribution APYS correctly 4`] = `
{
  "borrowApyPrimePercentage": "0.913105649796123742",
  "borrowApyPrimeSimulationPercentage": undefined,
  "borrowApyRewardsPercentage": "0.852697602175970714",
  "supplyApyPrimePercentage": undefined,
  "supplyApyPrimeSimulationPercentage": "1.753105649796123742",
  "supplyApyRewardsPercentage": "0.678420831753642169",
  "totalBorrowApyPercentage": "1.765803251972094456",
  "totalSupplyApyPercentage": "0.678420831753642169",
}
`;
