// Vitest Snapshot v1, https://vitest.dev/guide/snapshot.html

exports[`Governance > displays proposals correctly 1`] = `"Proposals+ Create proposalStateAll#98Not votedVIP Comptroller Diamond proxyExecuted: Sep 21, 2023 3:54 PM3/8Executed payloads#97Not votedVIP Comptroller Diamond proxyActive until: Sep 20, 2023 3:54 PMFor605.46K XVSAgainst500K XVSAbstain500K XVS#96Not votedVIP Comptroller Diamond proxyCanceled: Sep 19, 2023 11:46 PMCanceled#95Not votedtestDefeated: Sep 15, 2023 6:23 PMDefeated#94Not voted123Ready for queuing#93Not voted123Queued#92Not voted123Ready for executionItems 1 - 10 out of 1001234"`;
