// Vitest Snapshot v1, https://vitest.dev/guide/snapshot.html

exports[`api/queries/useGetVaults > fetches and returns vaults correctly 1`] = `
[
  {
    "dailyEmissionMantissa": "28800000000",
    "hasPendingWithdrawalsFromBeforeUpgrade": true,
    "lockingPeriodMs": 200000,
    "poolIndex": 0,
    "rewardToken": {
      "address": "0xB9e0E753630434d7863528cc73CB7AC638a7c8ff",
      "asset": "/src/packages/tokens/img/xvs.svg",
      "decimals": 18,
      "symbol": "XVS",
    },
    "stakedToken": {
      "address": "0xB9e0E753630434d7863528cc73CB7AC638a7c8ff",
      "asset": "/src/packages/tokens/img/xvs.svg",
      "decimals": 18,
      "symbol": "XVS",
    },
    "stakingAprPercentage": 262800,
    "totalStakedMantissa": "4000000000",
    "userStakedMantissa": "29000000000000000000",
  },
  {
    "dailyEmissionMantissa": "28800000000",
    "hasPendingWithdrawalsFromBeforeUpgrade": true,
    "lockingPeriodMs": 200000,
    "poolIndex": 1,
    "rewardToken": {
      "address": "0xB9e0E753630434d7863528cc73CB7AC638a7c8ff",
      "asset": "/src/packages/tokens/img/xvs.svg",
      "decimals": 18,
      "symbol": "XVS",
    },
    "stakedToken": {
      "address": "0xB9e0E753630434d7863528cc73CB7AC638a7c8ff",
      "asset": "/src/packages/tokens/img/xvs.svg",
      "decimals": 18,
      "symbol": "XVS",
    },
    "stakingAprPercentage": 262800,
    "totalStakedMantissa": "4000000000",
    "userStakedMantissa": "29000000000000000000",
  },
  {
    "dailyEmissionMantissa": "28800000000",
    "hasPendingWithdrawalsFromBeforeUpgrade": true,
    "lockingPeriodMs": 200000,
    "poolIndex": 2,
    "rewardToken": {
      "address": "0xB9e0E753630434d7863528cc73CB7AC638a7c8ff",
      "asset": "/src/packages/tokens/img/xvs.svg",
      "decimals": 18,
      "symbol": "XVS",
    },
    "stakedToken": {
      "address": "0xB9e0E753630434d7863528cc73CB7AC638a7c8ff",
      "asset": "/src/packages/tokens/img/xvs.svg",
      "decimals": 18,
      "symbol": "XVS",
    },
    "stakingAprPercentage": 262800,
    "totalStakedMantissa": "4000000000",
    "userStakedMantissa": "29000000000000000000",
  },
  {
    "dailyEmissionMantissa": "28800000000",
    "hasPendingWithdrawalsFromBeforeUpgrade": true,
    "lockingPeriodMs": 200000,
    "poolIndex": 3,
    "rewardToken": {
      "address": "0xB9e0E753630434d7863528cc73CB7AC638a7c8ff",
      "asset": "/src/packages/tokens/img/xvs.svg",
      "decimals": 18,
      "symbol": "XVS",
    },
    "stakedToken": {
      "address": "0xB9e0E753630434d7863528cc73CB7AC638a7c8ff",
      "asset": "/src/packages/tokens/img/xvs.svg",
      "decimals": 18,
      "symbol": "XVS",
    },
    "stakingAprPercentage": 262800,
    "totalStakedMantissa": "4000000000",
    "userStakedMantissa": "29000000000000000000",
  },
  {
    "dailyEmissionMantissa": "28800000000",
    "hasPendingWithdrawalsFromBeforeUpgrade": true,
    "lockingPeriodMs": 200000,
    "poolIndex": 4,
    "rewardToken": {
      "address": "0xB9e0E753630434d7863528cc73CB7AC638a7c8ff",
      "asset": "/src/packages/tokens/img/xvs.svg",
      "decimals": 18,
      "symbol": "XVS",
    },
    "stakedToken": {
      "address": "0xB9e0E753630434d7863528cc73CB7AC638a7c8ff",
      "asset": "/src/packages/tokens/img/xvs.svg",
      "decimals": 18,
      "symbol": "XVS",
    },
    "stakingAprPercentage": 262800,
    "totalStakedMantissa": "4000000000",
    "userStakedMantissa": "29000000000000000000",
  },
  {
    "dailyEmissionMantissa": "5000000000",
    "rewardToken": {
      "address": "0xB9e0E753630434d7863528cc73CB7AC638a7c8ff",
      "asset": "/src/packages/tokens/img/xvs.svg",
      "decimals": 18,
      "symbol": "XVS",
    },
    "stakedToken": {
      "address": "0x5fFbE5302BadED40941A403228E6AD03f93752d9",
      "asset": "/src/packages/tokens/img/vai.svg",
      "decimals": 18,
      "symbol": "VAI",
    },
    "stakingAprPercentage": 45625,
    "totalStakedMantissa": "4000000000",
    "userStakedMantissa": "1e+23",
  },
]
`;
