// Vitest Snapshot v1, https://vitest.dev/guide/snapshot.html

exports[`EModeGroup > lets user disable E-mode group when they meet the criteria 1`] = `"StablecoinsDisablevXVSvUSDCvUSDTStablecoinsDisableFake labelvXVSvUSDCvUSDTvXVSvUSDCvUSDT"`;

exports[`EModeGroup > lets user disable inactive E-mode group when they meet the criteria 1`] = `"This group is no longer supported. Your account now falls back to Core Pool parameters. Please switch to another available group or disable it.GameFiDisablevXVSvUSDCThis group is no longer supported. Your account now falls back to Core Pool parameters. Please switch to another available group or disable it.GameFiDisableFake labelvXVSvUSDCvXVSvUSDC"`;

exports[`EModeGroup > lets user enable E-mode group when they meet the criteria 1`] = `"StablecoinsHealth factor:15.6210HealthyEnableHealth factor:15.6210HealthyvXVSvUSDCvUSDTStablecoinsHealth factor:15.6210HealthyEnableHealth factor:15.6210HealthyFake labelvXVSvUSDCvUSDTvXVSvUSDCvUSDT"`;

exports[`EModeGroup > lets user switch E-mode group when they meet the criteria 1`] = `"DeFiHealth factor:15.6210HealthySwitchHealth factor:15.6210HealthyvUSDTvBUSDDeFiHealth factor:15.6210HealthySwitchHealth factor:15.6210HealthyFake labelvUSDTvBUSDvUSDTvBUSD"`;
