// Vitest Snapshot v1, https://vitest.dev/guide/snapshot.html

exports[`EModeGroup > lets user disable E-mode group when they meet the criteria 1`] = `"StablecoinsDisableXVSBorrowableLiquidity10 XVS$80.36MMax LTV60%Liquidation threshold62%Liquidation penalty0%USDCNot borrowableLiquidity10 USDC$17.02MMax LTV90%Liquidation threshold92%Liquidation penalty30%USDTBorrowableLiquidity10 USDT$55.34MMax LTV90%Liquidation threshold92%Liquidation penalty30%StablecoinsDisableFake labelvXVSvUSDCvUSDTvXVSvUSDCvUSDT"`;

exports[`EModeGroup > lets user enable E-mode group when they meet the criteria 1`] = `"StablecoinsHealth factor:15.62> 100EnableHealth factor:15.62> 100XVSBorrowableLiquidity10 XVS$80.36MMax LTV60%Liquidation threshold62%Liquidation penalty0%USDCNot borrowableLiquidity10 USDC$17.02MMax LTV90%Liquidation threshold92%Liquidation penalty30%USDTBorrowableLiquidity10 USDT$55.34MMax LTV90%Liquidation threshold92%Liquidation penalty30%StablecoinsHealth factor:15.62> 100EnableHealth factor:15.62> 100Fake labelvXVSvUSDCvUSDTvXVSvUSDCvUSDT"`;

exports[`EModeGroup > lets user switch E-mode group when they meet the criteria 1`] = `"DeFiHealth factor:15.6292SwitchHealth factor:15.6292USDTBorrowableLiquidity10 USDT$55.34MMax LTV90%Liquidation threshold92%Liquidation penalty30%BUSDBorrowableLiquidity10 BUSD$36.54MMax LTV90%Liquidation threshold92%Liquidation penalty30%DeFiHealth factor:15.6292SwitchHealth factor:15.6292Fake labelvUSDTvBUSDvUSDTvBUSD"`;
