// Vitest Snapshot v1, https://vitest.dev/guide/snapshot.html

exports[`EModeInfo > renders E-mode and Isolation mode sections when token belongs to both 1`] = `"E-modeStablecoinsCollateralBorrowableMax LTV90%Threshold92%Penalty30%Show all marketsGameFiCollateralBorrowableMax LTV90%Threshold92%Penalty30%Show all marketsGroupCollateralBorrowableMax LTVsorted descendingThresholdPenaltyStablecoins90%92%30%GameFi90%92%30%Sort byMax LTVStablecoinsCollateralBorrowableMax LTV90%Threshold92%Penalty30%GameFiCollateralBorrowableMax LTV90%Threshold92%Penalty30%Isolation mode#ToTheMoonCollateralBorrowableMax LTV90%Threshold92%Penalty30%Show all marketsGroupCollateralBorrowableMax LTVsorted descendingThresholdPenalty#ToTheMoon90%92%30%Sort byMax LTV#ToTheMoonCollateralBorrowableMax LTV90%Threshold92%Penalty30%"`;

exports[`EModeInfo > renders only E-mode section when token belongs only to non-isolated groups 1`] = `"E-modeStablecoinsCollateralBorrowableMax LTV90%Threshold92%Penalty30%Show all marketsDeFiCollateralBorrowableMax LTV90%Threshold92%Penalty30%Show all marketsGroupCollateralBorrowableMax LTVsorted descendingThresholdPenaltyStablecoins90%92%30%DeFi90%92%30%Sort byMax LTVStablecoinsCollateralBorrowableMax LTV90%Threshold92%Penalty30%DeFiCollateralBorrowableMax LTV90%Threshold92%Penalty30%"`;

exports[`EModeInfo > returns null when token has no E-mode settings 1`] = `"E-modeDeFiCollateralBorrowableMax LTV90%Threshold92%Penalty30%Show all marketsGroupCollateralBorrowableMax LTVsorted descendingThresholdPenaltyDeFi90%92%30%Sort byMax LTVDeFiCollateralBorrowableMax LTV90%Threshold92%Penalty30%"`;
