// Vitest Snapshot v1, https://vitest.dev/guide/snapshot.html

exports[`StakedEthPoolMarket - Feature flag enabled: marketHistory > fetches market details and displays them correctly 1`] = `"Supply info30D6M1YSupply APYTotal supply$2.78MAPY0.05%Distribution APY0.11%"`;

exports[`StakedEthPoolMarket - Feature flag enabled: marketHistory > fetches market details and displays them correctly 2`] = `"Borrow info30D6M1YBorrow APYTotal borrow$709.25KAPY-2.3%Distribution APY0.11%Liquidation Threshold-Liquidation Penalty-"`;

exports[`StakedEthPoolMarket - Feature flag enabled: marketHistory > fetches market details and displays them correctly 3`] = `"Interest Rate ModelUtilization rateBorrow APYSupply APY"`;

exports[`StakedEthPoolMarket - Feature flag enabled: marketHistory > fetches market details and displays them correctly 4`] = `"Market infoPrice$1.278673Market liquidity$80.36MSupply capUncappedBorrow capUncappedDaily supplying interests$3.98Daily borrowing interests-$44.81Daily XVS distributed19.99MReserves1.00K XVSReserve factor25%Collateral factor50%vXVS minted> 100.00TExchange rate1 XVS=49.589181 vXVS"`;
