// Jest Snapshot v1, https://goo.gl/fbAQLP

exports[`api/queries/useGetVaults fetches and returns vaults correctly 1`] = `
Array [
  Object {
    "dailyEmissionAmountWei": "28800000000",
    "lockingPeriodMs": 200000000,
    "poolIndex": 0,
    "rewardTokenId": "xvs",
    "stakeAprPercentage": 262800,
    "stakedTokenId": "sxp",
    "totalStakedAmountWei": "4000000000",
    "userPendingRewardAmountWei": "200000000",
    "userStakedAmountWei": "30000000000000",
  },
  Object {
    "dailyEmissionAmountWei": "28800000000",
    "lockingPeriodMs": 200000000,
    "poolIndex": 1,
    "rewardTokenId": "xvs",
    "stakeAprPercentage": 262800,
    "stakedTokenId": "sxp",
    "totalStakedAmountWei": "4000000000",
    "userPendingRewardAmountWei": "200000000",
    "userStakedAmountWei": "30000000000000",
  },
  Object {
    "dailyEmissionAmountWei": "28800000000",
    "lockingPeriodMs": 200000000,
    "poolIndex": 2,
    "rewardTokenId": "xvs",
    "stakeAprPercentage": 262800,
    "stakedTokenId": "sxp",
    "totalStakedAmountWei": "4000000000",
    "userPendingRewardAmountWei": "200000000",
    "userStakedAmountWei": "30000000000000",
  },
  Object {
    "dailyEmissionAmountWei": "28800000000",
    "lockingPeriodMs": 200000000,
    "poolIndex": 3,
    "rewardTokenId": "xvs",
    "stakeAprPercentage": 262800,
    "stakedTokenId": "sxp",
    "totalStakedAmountWei": "4000000000",
    "userPendingRewardAmountWei": "200000000",
    "userStakedAmountWei": "30000000000000",
  },
  Object {
    "dailyEmissionAmountWei": "28800000000",
    "lockingPeriodMs": 200000000,
    "poolIndex": 4,
    "rewardTokenId": "xvs",
    "stakeAprPercentage": 262800,
    "stakedTokenId": "sxp",
    "totalStakedAmountWei": "4000000000",
    "userPendingRewardAmountWei": "200000000",
    "userStakedAmountWei": "30000000000000",
  },
]
`;
